AW check  plans
✗ FINDINGS  2 findings across 41 checked

Findings:
  Issue: Filename does not match artifact naming grammar
  - a.md [ERROR]
    Fix: run 'aw rename plans a.md' or rename to match 'YYYYMMDD-<setid>-NN-<id6>-<slug>.<type>.md'.

  Issue: Set ID collision across artifact records
  - b.md [ERROR]
    Fix: run 'aw group plans b.md --set <new-set-id>' to assign a unique Set ID.


Evidence
  checked: 41

Next  aw group plans x --set y (regroup)
Agent output: --agent (automatic when piped)
